../Core/Src/main.c:47:6:get_sineval	16	static
../Core/Src/main.c:99:6:microDelay	16	static
../Core/Src/main.c:111:5:main	432	static
../Core/Src/main.c:261:6:SystemClock_Config	88	static
../Core/Src/main.c:312:13:MX_DAC_Init	16	static
../Core/Src/main.c:349:13:MX_TIM2_Init	32	static
../Core/Src/main.c:391:13:MX_TIM3_Init	56	static
../Core/Src/main.c:438:13:MX_USART2_UART_Init	8	static
../Core/Src/main.c:469:13:MX_GPIO_Init	48	static
../Core/Src/main.c:514:6:Error_Handler	4	static,ignoring_inline_asm
